{
    "Should run without failures": {
        "content": [
            {
                "0": [
                    [
                        {
                            "id": "test.9000000",
                            "taxid": 9000000,
                            "sample_id": "test"
                        },
                        [
                            "test.9000000.sorted.bam:md5,d32e9ae9bfe70b900ceca79140f61468",
                            "test.9000000.sorted.bam.bai:md5,536c3a693cabd649465bf8bd1fcd5aed"
                        ]
                    ]
                ]
            }
        ],
        "meta": {
            "nf-test": "0.8.4",
            "nextflow": "24.10.3"
        },
        "timestamp": "2025-03-04T21:21:29.824955"
    }
}