{
    "Should run without failures": {
        "content": [
            {
                "0": [
                    [
                        9000003,
                        [
                            "9000003.fa:md5,3809d843f8958f5c80c4cbe35dd9477b",
                            "9000003.fa.amb:md5,cc8d0956a5bf7db7b7cbd0a5c163c716",
                            "9000003.fa.ann:md5,80c9a755e155668f65c6c2de7b3a479f",
                            "9000003.fa.bwt:md5,087da0051366c9902f9f19cb6be609e4",
                            "9000003.fa.pac:md5,4f7e8e6ceb26ed7ce135f41c019ae671",
                            "9000003.fa.sa:md5,aa6aa3a9cd5ba8e4d9e63a1497643004"
                        ]
                    ]
                ]
            }
        ],
        "meta": {
            "nf-test": "0.8.4",
            "nextflow": "22.04.5"
        },
        "timestamp": "2024-02-28T16:25:02.77817"
    }
}