{
    "Should run without failures": {
        "content": [
            {
                "0": [
                    [
                        {
                            "id": "test.9000000",
                            "taxid": 9000000,
                            "sample_id": "test"
                        },
                        "test.9000000_tax_to_reads.json:md5,b7eac600e8a6e0ea03dfd04b577535f0",
                        "test.9000000_decomposed.json:md5,d7bc61bd3ad19e86352140fb90a6c6a6"
                    ]
                ],
                "json_files": [
                    [
                        {
                            "id": "test.9000000",
                            "taxid": 9000000,
                            "sample_id": "test"
                        },
                        "test.9000000_tax_to_reads.json:md5,b7eac600e8a6e0ea03dfd04b577535f0",
                        "test.9000000_decomposed.json:md5,d7bc61bd3ad19e86352140fb90a6c6a6"
                    ]
                ]
            }
        ],
        "meta": {
            "nf-test": "0.8.4",
            "nextflow": "23.10.1"
        },
        "timestamp": "2024-09-03T21:02:09.867488"
    }
}