{
    "Should run without failures": {
        "content": [
            {
                "0": [
                    [
                        {
                            "id": "test.9000000",
                            "taxid": 9000000,
                            "sample_id": "test"
                        },
                        "test.9000000_tax_to_reads.json:md5,2e80bd3fe33676daed6854a9093ebdb8",
                        "test.9000000_decomposed.json:md5,cc6f87a42369e2f801bed0704e198b3d"
                    ]
                ],
                "json_files": [
                    [
                        {
                            "id": "test.9000000",
                            "taxid": 9000000,
                            "sample_id": "test"
                        },
                        "test.9000000_tax_to_reads.json:md5,2e80bd3fe33676daed6854a9093ebdb8",
                        "test.9000000_decomposed.json:md5,cc6f87a42369e2f801bed0704e198b3d"
                    ]
                ]
            }
        ],
        "meta": {
            "nf-test": "0.8.4",
            "nextflow": "24.10.3"
        },
        "timestamp": "2025-01-20T14:01:43.675223"
    }
}