{
    "Should run without failures": {
        "content": [
            {
                "0": [
                    [
                        {
                            "id": "test.9000000",
                            "taxid": 9000000,
                            "sample_id": "test"
                        },
                        "test.9000000_tax_to_reads.json:md5,b7eac600e8a6e0ea03dfd04b577535f0",
                        "test.9000000_decomposed.json:md5,a8fcca56746f0948f2a18782ac4a8d9c"
                    ]
                ]
            }
        ],
        "meta": {
            "nf-test": "0.8.4",
            "nextflow": "23.10.1"
        },
        "timestamp": "2024-09-03T19:45:40.419849"
    }
}