{
    "Should run without failures": {
        "content": [
            {
                "0": [
                    "classification_report.csv:md5,cd03e5b2c6d19028d349a9caf9cc9b64"
                ]
            }
        ],
        "meta": {
            "nf-test": "0.9.0",
            "nextflow": "23.10.0"
        },
        "timestamp": "2024-07-22T14:31:06.135939245"
    }
}