{
    "Should run without failures": {
        "content": [
            {
                "0": [
                    "classification_report.csv:md5,4f9db2dddc782d299d12f059ba3ab124"
                ]
            }
        ],
        "meta": {
            "nf-test": "0.8.4",
            "nextflow": "22.04.5"
        },
        "timestamp": "2024-02-29T13:46:56.068151"
    }
}